npx : ΓÜá Warning: Next.js inferred your workspace root, but it may not be correct.
At line:1 char:1
+ npx next build > build.log 2>&1
+ ~~~~~~~~~~~~~~~~~~~~~~~~~~~~~~~
    + CategoryInfo          : NotSpecified: (ΓÜá Warning: Ne...not be correct.:String) [], RemoteException
    + FullyQualifiedErrorId : NativeCommandError
 
 We detected multiple lockfiles and selected the directory of C:\Users\USER\yarn.lock as the root directory.
 To silence this warning, set `turbopack.root` in your Next.js config, or consider removing one of the lockfiles if 
it's not needed.
   See https://nextjs.org/docs/app/api-reference/config/next-config-js/turbopack#root-directory for more information.
 Detected additional lockfiles: 
   * C:\Users\USER\OneDrive\Desktop\coding\orr_big\orr_consultant\package-lock.json

Γû▓ Next.js 16.2.6 (Turbopack)
- Environments: .env.local

  Creating an optimized production build ...
Γ£ô Compiled successfully in 65s
  Running TypeScript ...
  Finished TypeScript in 29.4s ...
  Collecting page data using 11 workers ...
  Generating static pages using 11 workers (0/17) ...
  Generating static pages using 11 workers (4/17) 
  Generating static pages using 11 workers (8/17) 
  Generating static pages using 11 workers (12/17) 
Γ£ô Generating static pages using 11 workers (17/17) in 2.3s
  Finalizing page optimization ...

Route (app)
Γöî Γùï /
Γö£ Γùï /_not-found
Γö£ Γùï /chat
Γö£ Γùï /dashboard
Γö£ Γùï /forgot-password
Γö£ Γùï /meetings
Γö£ Γùï /opportunities
Γö£ Γùï /profile
Γö£ Γùï /register
Γö£ Γùï /reset-password
Γö£ Γùï /signin
Γö£ Γùï /tasks
Γö£ Γùï /vault
Γö£ Γùï /verify
Γöö Γùï /wallet


Γùï  (Static)  prerendered as static content

